ADAUSDT: 2,933,280 bars  2021-01-01 00:00:00+00:00 -> 2026-07-30 23:59:00+00:00  missing_months=1  gap_bars=0
DOGEUSDT: 2,933,280 bars  2021-01-01 00:00:00+00:00 -> 2026-07-30 23:59:00+00:00  missing_months=1  gap_bars=0
LINKUSDT: 2,933,280 bars  2021-01-01 00:00:00+00:00 -> 2026-07-30 23:59:00+00:00  missing_months=1  gap_bars=0
LTCUSDT: 2,926,080 bars  2021-01-01 00:00:00+00:00 -> 2026-07-30 23:59:00+00:00  missing_months=1  gap_bars=7,200
AVAXUSDT: 2,933,280 bars  2021-01-01 00:00:00+00:00 -> 2026-07-30 23:59:00+00:00  missing_months=1  gap_bars=0
DOTUSDT: 2,933,280 bars  2021-01-01 00:00:00+00:00 -> 2026-07-30 23:59:00+00:00  missing_months=1  gap_bars=0
ATOMUSDT: 2,933,280 bars  2021-01-01 00:00:00+00:00 -> 2026-07-30 23:59:00+00:00  missing_months=1  gap_bars=0
UNIUSDT: 2,933,280 bars  2021-01-01 00:00:00+00:00 -> 2026-07-30 23:59:00+00:00  missing_months=1  gap_bars=0
ETCUSDT: 2,933,280 bars  2021-01-01 00:00:00+00:00 -> 2026-07-30 23:59:00+00:00  missing_months=1  gap_bars=0
FILUSDT: 2,926,080 bars  2021-01-01 00:00:00+00:00 -> 2026-07-30 23:59:00+00:00  missing_months=1  gap_bars=7,200
NEARUSDT: 2,926,080 bars  2021-01-01 00:00:00+00:00 -> 2026-07-30 23:59:00+00:00  missing_months=1  gap_bars=7,200
AAVEUSDT: 2,933,280 bars  2021-01-01 00:00:00+00:00 -> 2026-07-30 23:59:00+00:00  missing_months=1  gap_bars=0
ALGOUSDT: 2,933,280 bars  2021-01-01 00:00:00+00:00 -> 2026-07-30 23:59:00+00:00  missing_months=1  gap_bars=0
EOSUSDT: 2,305,984 bars  2021-01-01 00:00:00+00:00 -> 2025-05-21 09:03:00+00:00  missing_months=14  gap_bars=0
XLMUSDT: 2,926,080 bars  2021-01-01 00:00:00+00:00 -> 2026-07-30 23:59:00+00:00  missing_months=1  gap_bars=7,200
TRXUSDT: 2,926,080 bars  2021-01-01 00:00:00+00:00 -> 2026-07-30 23:59:00+00:00  missing_months=1  gap_bars=7,200
VETUSDT: 2,926,080 bars  2021-01-01 00:00:00+00:00 -> 2026-07-30 23:59:00+00:00  missing_months=1  gap_bars=7,200
SANDUSDT: 2,891,100 bars  2021-01-25 07:00:00+00:00 -> 2026-07-30 23:59:00+00:00  missing_months=1  gap_bars=7,200
AXSUSDT: 2,933,280 bars  2021-01-01 00:00:00+00:00 -> 2026-07-30 23:59:00+00:00  missing_months=1  gap_bars=0
THETAUSDT: 2,933,280 bars  2021-01-01 00:00:00+00:00 -> 2026-07-30 23:59:00+00:00  missing_months=1  gap_bars=0
FTMUSDT: 2,926,080 bars  2021-01-01 00:00:00+00:00 -> 2026-07-30 23:59:00+00:00  missing_months=1  gap_bars=7,200
GRTUSDT: 2,926,080 bars  2021-01-01 00:00:00+00:00 -> 2026-07-30 23:59:00+00:00  missing_months=1  gap_bars=7,200
CHZUSDT: 2,904,060 bars  2021-01-21 07:00:00+00:00 -> 2026-07-30 23:59:00+00:00  missing_months=1  gap_bars=0
ENJUSDT: 2,933,280 bars  2021-01-01 00:00:00+00:00 -> 2026-07-30 23:59:00+00:00  missing_months=1  gap_bars=0
ZILUSDT: 2,926,080 bars  2021-01-01 00:00:00+00:00 -> 2026-07-30 23:59:00+00:00  missing_months=1  gap_bars=7,200
IOTAUSDT: 2,926,080 bars  2021-01-01 00:00:00+00:00 -> 2026-07-30 23:59:00+00:00  missing_months=1  gap_bars=7,200
fetching auxiliary series for ['ADAUSDT', 'DOGEUSDT', 'LINKUSDT', 'LTCUSDT', 'AVAXUSDT', 'DOTUSDT', 'ATOMUSDT', 'UNIUSDT', 'ETCUSDT', 'FILUSDT', 'NEARUSDT', 'AAVEUSDT', 'ALGOUSDT', 'EOSUSDT', 'XLMUSDT', 'TRXUSDT', 'VETUSDT', 'SANDUSDT', 'AXSUSDT', 'THETAUSDT', 'FTMUSDT', 'GRTUSDT', 'CHZUSDT', 'ENJUSDT', 'ZILUSDT', 'IOTAUSDT']
  ADAUSDT   funding     6,021 rows  2021-01-01 00:00:00.002000+00:00 -> 2026-06-30 16:00:00.005000+00:00
  ADAUSDT   metrics   490,032 rows  2021-12-01 00:00:00+00:00 -> 2026-07-30 23:55:00+00:00
  ADAUSDT   premium    47,976 rows  2021-01-01 00:00:00+00:00 -> 2026-06-30 23:00:00+00:00
  DOGEUSDT  funding     6,021 rows  2021-01-01 00:00:00.002000+00:00 -> 2026-06-30 16:00:00.005000+00:00
  DOGEUSDT  metrics   489,456 rows  2021-12-01 00:00:00+00:00 -> 2026-07-30 23:55:00+00:00
  DOGEUSDT  premium    47,976 rows  2021-01-01 00:00:00+00:00 -> 2026-06-30 23:00:00+00:00
  LINKUSDT  funding     6,021 rows  2021-01-01 00:00:00.002000+00:00 -> 2026-06-30 16:00:00.005000+00:00
  LINKUSDT  metrics   490,034 rows  2021-12-01 00:00:00+00:00 -> 2026-07-30 23:55:00+00:00
  LINKUSDT  premium    47,976 rows  2021-01-01 00:00:00+00:00 -> 2026-06-30 23:00:00+00:00
  LTCUSDT   funding     6,021 rows  2021-01-01 00:00:00.002000+00:00 -> 2026-06-30 16:00:00.005000+00:00
  LTCUSDT   metrics   490,277 rows  2021-12-01 00:00:00+00:00 -> 2026-07-30 23:55:00+00:00
  LTCUSDT   premium    48,000 rows  2021-01-01 00:00:00+00:00 -> 2026-06-30 23:00:00+00:00
  AVAXUSDT  funding     6,021 rows  2021-01-01 00:00:00.002000+00:00 -> 2026-06-30 16:00:00.005000+00:00
  AVAXUSDT  metrics   489,975 rows  2021-12-01 00:00:00+00:00 -> 2026-07-30 23:55:00+00:00
  AVAXUSDT  premium    47,976 rows  2021-01-01 00:00:00+00:00 -> 2026-06-30 23:00:00+00:00
  DOTUSDT   funding     6,021 rows  2021-01-01 00:00:00.002000+00:00 -> 2026-06-30 16:00:00.005000+00:00
  DOTUSDT   metrics   490,322 rows  2021-12-01 00:00:00+00:00 -> 2026-07-30 23:55:00+00:00
  DOTUSDT   premium    47,976 rows  2021-01-01 00:00:00+00:00 -> 2026-06-30 23:00:00+00:00
  ATOMUSDT  funding     6,021 rows  2021-01-01 00:00:00.002000+00:00 -> 2026-06-30 16:00:00.005000+00:00
  ATOMUSDT  metrics   490,320 rows  2021-12-01 00:00:00+00:00 -> 2026-07-30 23:55:00+00:00
  ATOMUSDT  premium    48,000 rows  2021-01-01 00:00:00+00:00 -> 2026-06-30 23:00:00+00:00
  UNIUSDT   funding     6,021 rows  2021-01-01 00:00:00.002000+00:00 -> 2026-06-30 16:00:00.005000+00:00
  UNIUSDT   metrics   489,449 rows  2021-12-01 00:00:00+00:00 -> 2026-07-30 23:55:00+00:00
  UNIUSDT   premium    48,000 rows  2021-01-01 00:00:00+00:00 -> 2026-06-30 23:00:00+00:00
  ETCUSDT   funding     6,021 rows  2021-01-01 00:00:00.002000+00:00 -> 2026-06-30 16:00:00.005000+00:00
  ETCUSDT   metrics   490,184 rows  2021-12-01 00:00:00+00:00 -> 2026-07-30 23:55:00+00:00
  ETCUSDT   premium    47,976 rows  2021-01-01 00:00:00+00:00 -> 2026-06-30 23:00:00+00:00
  FILUSDT   funding     6,021 rows  2021-01-01 00:00:00.002000+00:00 -> 2026-06-30 16:00:00.005000+00:00
  FILUSDT   metrics   490,323 rows  2021-12-01 00:00:00+00:00 -> 2026-07-30 23:55:00+00:00
  FILUSDT   premium    47,976 rows  2021-01-01 00:00:00+00:00 -> 2026-06-30 23:00:00+00:00
  NEARUSDT  funding     6,021 rows  2021-01-01 00:00:00.002000+00:00 -> 2026-06-30 16:00:00.005000+00:00
  NEARUSDT  metrics   489,743 rows  2021-12-02 00:00:00+00:00 -> 2026-07-30 23:55:00+00:00
  NEARUSDT  premium    48,000 rows  2021-01-01 00:00:00+00:00 -> 2026-06-30 23:00:00+00:00
  AAVEUSDT  funding     6,021 rows  2021-01-01 00:00:00.002000+00:00 -> 2026-06-30 16:00:00.005000+00:00
  AAVEUSDT  metrics   490,033 rows  2021-12-01 00:00:00+00:00 -> 2026-07-30 23:55:00+00:00
  AAVEUSDT  premium    47,976 rows  2021-01-01 00:00:00+00:00 -> 2026-06-30 23:00:00+00:00
  ALGOUSDT  funding     6,021 rows  2021-01-01 00:00:00.002000+00:00 -> 2026-06-30 16:00:00.005000+00:00
  ALGOUSDT  metrics   490,322 rows  2021-12-01 00:00:00+00:00 -> 2026-07-30 23:55:00+00:00
  ALGOUSDT  premium    47,976 rows  2021-01-01 00:00:00+00:00 -> 2026-06-30 23:00:00+00:00
  EOSUSDT   funding     6,021 rows  2021-01-01 00:00:00.002000+00:00 -> 2026-06-30 16:00:00.005000+00:00
  EOSUSDT   metrics   364,080 rows  2021-12-01 00:00:00+00:00 -> 2026-05-05 08:05:00+00:00
  EOSUSDT   premium    39,468 rows  2021-01-01 00:00:00+00:00 -> 2025-07-10 11:00:00+00:00
  XLMUSDT   funding     5,937 rows  2021-01-01 00:00:00.002000+00:00 -> 2026-06-30 16:00:00.005000+00:00
  XLMUSDT   metrics   490,033 rows  2021-12-01 00:00:00+00:00 -> 2026-07-30 23:55:00+00:00
  XLMUSDT   premium    47,280 rows  2021-01-01 00:00:00+00:00 -> 2026-06-30 23:00:00+00:00
  TRXUSDT   funding     6,021 rows  2021-01-01 00:00:00.002000+00:00 -> 2026-06-30 16:00:00.005000+00:00
  TRXUSDT   metrics   490,026 rows  2021-12-01 00:00:00+00:00 -> 2026-07-30 23:55:00+00:00
  TRXUSDT   premium    48,000 rows  2021-01-01 00:00:00+00:00 -> 2026-06-30 23:00:00+00:00
  VETUSDT   funding     6,021 rows  2021-01-01 00:00:00.002000+00:00 -> 2026-06-30 16:00:00.005000+00:00
  VETUSDT   metrics   489,928 rows  2021-12-01 00:00:00+00:00 -> 2026-07-30 23:55:00+00:00
  VETUSDT   premium    48,000 rows  2021-01-01 00:00:00+00:00 -> 2026-06-30 23:00:00+00:00
  SANDUSDT  funding     5,948 rows  2021-01-25 08:00:00.012000+00:00 -> 2026-06-30 16:00:00.005000+00:00
  SANDUSDT  metrics   489,638 rows  2021-12-01 00:00:00+00:00 -> 2026-07-30 23:55:00+00:00
  SANDUSDT  premium    47,417 rows  2021-01-25 07:00:00+00:00 -> 2026-06-30 23:00:00+00:00
  AXSUSDT   funding     6,669 rows  2021-01-01 00:00:00.002000+00:00 -> 2026-06-30 20:00:00.003000+00:00
  AXSUSDT   metrics   490,034 rows  2021-12-01 00:00:00+00:00 -> 2026-07-30 23:55:00+00:00
  AXSUSDT   premium    47,976 rows  2021-01-01 00:00:00+00:00 -> 2026-06-30 23:00:00+00:00
  THETAUSDT funding     6,021 rows  2021-01-01 00:00:00.002000+00:00 -> 2026-06-30 16:00:00.005000+00:00
  THETAUSDT metrics   488,880 rows  2021-12-01 00:00:00+00:00 -> 2026-07-30 23:55:00+00:00
  THETAUSDT premium    48,000 rows  2021-01-01 00:00:00+00:00 -> 2026-06-30 23:00:00+00:00
  FTMUSDT   funding     4,892 rows  2021-01-01 00:00:00.002000+00:00 -> 2025-06-19 08:00:00.003000+00:00
  FTMUSDT   metrics   326,054 rows  2021-12-01 00:00:00+00:00 -> 2025-03-10 02:55:00+00:00
  FTMUSDT   premium    39,492 rows  2021-01-01 00:00:00+00:00 -> 2025-07-10 11:00:00+00:00
  GRTUSDT   funding     6,021 rows  2021-01-01 00:00:00.002000+00:00 -> 2026-06-30 16:00:00.005000+00:00
  GRTUSDT   metrics   489,947 rows  2021-12-01 00:00:00+00:00 -> 2026-07-30 23:55:00+00:00
  GRTUSDT   premium    48,000 rows  2021-01-01 00:00:00+00:00 -> 2026-06-30 23:00:00+00:00
  CHZUSDT   funding     6,021 rows  2021-01-01 00:00:00.002000+00:00 -> 2026-06-30 16:00:00.005000+00:00
  CHZUSDT   metrics   489,654 rows  2021-12-01 00:00:00+00:00 -> 2026-07-30 23:55:00+00:00
  CHZUSDT   premium    47,489 rows  2021-01-21 07:00:00+00:00 -> 2026-06-30 23:00:00+00:00
  ENJUSDT   funding     6,604 rows  2021-01-01 00:00:00.002000+00:00 -> 2026-06-30 20:00:00.003000+00:00
  ENJUSDT   metrics   489,455 rows  2021-12-01 00:00:00+00:00 -> 2026-07-30 23:55:00+00:00
  ENJUSDT   premium    47,976 rows  2021-01-01 00:00:00+00:00 -> 2026-06-30 23:00:00+00:00
  ZILUSDT   funding     6,633 rows  2021-01-01 00:00:00.002000+00:00 -> 2026-06-30 20:00:00.003000+00:00
  ZILUSDT   metrics   490,287 rows  2021-12-01 00:00:00+00:00 -> 2026-07-30 23:55:00+00:00
  ZILUSDT   premium    48,000 rows  2021-01-01 00:00:00+00:00 -> 2026-06-30 23:00:00+00:00
  IOTAUSDT  funding     6,021 rows  2021-01-01 00:00:00.002000+00:00 -> 2026-06-30 16:00:00.005000+00:00
  IOTAUSDT  metrics   489,736 rows  2021-12-01 00:00:00+00:00 -> 2026-07-30 23:55:00+00:00
  IOTAUSDT  premium    48,000 rows  2021-01-01 00:00:00+00:00 -> 2026-06-30 23:00:00+00:00
EXTENDED_FETCH_DONE
