SOLUSDT 5m fam_ema_cross done, rows=1360 t=22s
XRPUSDT 5m fam_ema_cross done, rows=1360 t=23s
ETHUSDT 5m fam_ema_cross done, rows=1360 t=24s
BTCUSDT 5m fam_ema_cross done, rows=1360 t=25s
SOLUSDT 5m fam_ema_pullback done, rows=3400 t=32s
XRPUSDT 5m fam_ema_pullback done, rows=3400 t=35s
SOLUSDT 5m fam_macd done, rows=4420 t=36s
ETHUSDT 5m fam_ema_pullback done, rows=3400 t=36s
BTCUSDT 5m fam_ema_pullback done, rows=3400 t=36s
XRPUSDT 5m fam_macd done, rows=4420 t=39s
SOLUSDT 5m fam_supertrend done, rows=5780 t=40s
BTCUSDT 5m fam_macd done, rows=4420 t=41s
ETHUSDT 5m fam_macd done, rows=4420 t=41s
XRPUSDT 5m fam_supertrend done, rows=5780 t=44s
BTCUSDT 5m fam_supertrend done, rows=5780 t=46s
ETHUSDT 5m fam_supertrend done, rows=5780 t=46s
SOLUSDT 5m fam_rsi_pullback done, rows=8496 t=50s
SOLUSDT 5m fam_stoch done, rows=9172 t=52s
XRPUSDT 5m fam_rsi_pullback done, rows=8496 t=54s
BTCUSDT 5m fam_rsi_pullback done, rows=8500 t=56s
ETHUSDT 5m fam_rsi_pullback done, rows=8496 t=56s
XRPUSDT 5m fam_stoch done, rows=9172 t=57s
SOLUSDT 5m fam_ha done, rows=10192 t=58s
BTCUSDT 5m fam_stoch done, rows=9176 t=59s
ETHUSDT 5m fam_stoch done, rows=9172 t=59s
XRPUSDT 5m fam_ha done, rows=10192 t=63s
SOLUSDT 5m fam_momentum_bar done, rows=12232 t=63s
BTCUSDT 5m fam_ha done, rows=10196 t=65s
ETHUSDT 5m fam_ha done, rows=10192 t=66s
XRPUSDT 5m fam_momentum_bar done, rows=12232 t=70s
BTCUSDT 5m fam_momentum_bar done, rows=12236 t=72s
ETHUSDT 5m fam_momentum_bar done, rows=12232 t=73s
SOLUSDT 5m fam_consecutive done, rows=14952 t=74s
XRPUSDT 5m fam_consecutive done, rows=14952 t=81s
BTCUSDT 5m fam_consecutive done, rows=14956 t=84s
ETHUSDT 5m fam_consecutive done, rows=14952 t=85s
SOLUSDT 5m fam_donchian done, rows=20000 t=91s
SOLUSDT 5m fam_squeeze done, rows=21020 t=94s
SOLUSDT 5m fam_inside_nr done, rows=22040 t=100s
XRPUSDT 5m fam_donchian done, rows=20028 t=100s
XRPUSDT 5m fam_squeeze done, rows=21048 t=104s
ETHUSDT 5m fam_donchian done, rows=20028 t=106s
BTCUSDT 5m fam_donchian done, rows=20040 t=106s
ETHUSDT 5m fam_squeeze done, rows=21048 t=111s
BTCUSDT 5m fam_squeeze done, rows=21060 t=111s
XRPUSDT 5m fam_inside_nr done, rows=22068 t=112s
ETHUSDT 5m fam_inside_nr done, rows=22068 t=116s
BTCUSDT 5m fam_inside_nr done, rows=22080 t=117s
SOLUSDT 5m fam_opening_range done, rows=31220 t=125s
SOLUSDT 5m fam_prev_day done, rows=32136 t=128s
SOLUSDT 5m fam_asia_sweep done, rows=33116 t=131s
XRPUSDT 5m fam_opening_range done, rows=31248 t=138s
SOLUSDT 5m fam_bb_revert done, rows=35156 t=139s
XRPUSDT 5m fam_prev_day done, rows=32252 t=140s
SOLUSDT 5m fam_rsi_extreme done, rows=36404 t=142s
XRPUSDT 5m fam_asia_sweep done, rows=33264 t=143s
ETHUSDT 5m fam_opening_range done, rows=31248 t=144s
BTCUSDT 5m fam_opening_range done, rows=31260 t=144s
ETHUSDT 5m fam_prev_day done, rows=32228 t=146s
BTCUSDT 5m fam_prev_day done, rows=32240 t=147s
SOLUSDT 5m fam_vwap done, rows=38044 t=148s
ETHUSDT 5m fam_asia_sweep done, rows=33240 t=149s
BTCUSDT 5m fam_asia_sweep done, rows=33252 t=149s
XRPUSDT 5m fam_bb_revert done, rows=35304 t=149s
XRPUSDT 5m fam_rsi_extreme done, rows=36564 t=153s
SOLUSDT 5m fam_zscore done, rows=40048 t=153s
SOLUSDT 5m fam_keltner done, rows=41028 t=156s
ETHUSDT 5m fam_bb_revert done, rows=35280 t=156s
BTCUSDT 5m fam_bb_revert done, rows=35292 t=156s
XRPUSDT 5m fam_vwap done, rows=38232 t=158s
ETHUSDT 5m fam_rsi_extreme done, rows=36544 t=159s
BTCUSDT 5m fam_rsi_extreme done, rows=36568 t=159s
SOLUSDT 5m fam_cci_mfi done, rows=42368 t=163s
XRPUSDT 5m fam_zscore done, rows=40256 t=165s
ETHUSDT 5m fam_vwap done, rows=38184 t=165s
BTCUSDT 5m fam_vwap done, rows=38204 t=166s
XRPUSDT 5m fam_keltner done, rows=41248 t=168s
