running S1 Fib ABCD 0.88 [30m] stop=stated ...
running S2 Donchian+LWTI+vol [5m] stop=stated ...
running S3 Raschke 3/10 [1h] stop=swing ...
running S3 Raschke 3/10 [1h] stop=nbar ...
running S3 Raschke 3/10 [1h] stop=atr ...
running S4 RSI 80/20 + VWAP [15m] stop=swing ...
running S4 RSI 80/20 + VWAP [15m] stop=nbar ...
running S4 RSI 80/20 + VWAP [15m] stop=atr ...
running S5 EMA meter + SMI [4h] stop=swing ...
running S5 EMA meter + SMI [4h] stop=nbar ...
running S5 EMA meter + SMI [4h] stop=atr ...
running S6 Impulse MACD [4h] stop=swing ...
running S6 Impulse MACD [4h] stop=nbar ...
running S6 Impulse MACD [4h] stop=atr ...
running S7 Smoothed HA [1h] stop=swing ...
running S7 Smoothed HA [1h] stop=nbar ...
running S7 Smoothed HA [1h] stop=atr ...
running S8 ABC + RSI [4h] stop=stated ...
running S9 SMC sweep->FVG [15m] stop=stated ...
running S7 Smoothed HA [1h] variant=flip ...
running S2 Donchian+LWTI+vol [5m] variant=mid ...
running S9 SMC sweep->FVG [15m] variant=nosweep ...
running S9 SMC sweep->FVG [15m] variant=nobos ...
running S9 SMC sweep->FVG [15m] variant=liq ...
running S9 SMC sweep->FVG [15m] variant=mid ...

               label  tf   stop variant    n  win_rate  avg_pct  avg_R  profit_factor  total_return_pct  max_dd_pct  max_losing_streak  trades_per_year  breakeven_bps  survives_costs
  S5 EMA meter + SMI  4h   nbar       -  164    39.024    0.724  0.159          1.229            75.156     -45.478                  7           30.223           72.4            True
  S5 EMA meter + SMI  4h  swing       -  171    39.766    0.513  0.186          1.174            30.459     -59.478                  8           31.512           51.3            True
     S6 Impulse MACD  4h   nbar       -  593    31.366    0.251  0.184          1.157            95.436     -58.050                 13          109.060           25.1            True
     S6 Impulse MACD  4h  swing       -  594    30.135    0.230  0.149          1.150            78.767     -57.913                 13          109.244           23.0            True
  S5 EMA meter + SMI  4h    atr       -  372    38.172    0.230  0.140          1.135            70.323     -34.394                  8           68.553           23.0            True
     S6 Impulse MACD  4h    atr       -  602    28.904    0.212  0.229          1.140            67.818     -56.684                 16          110.715           21.2            True
    S1 Fib ABCD 0.88 30m stated       -  513    17.934    0.143  0.494          1.557           101.431     -12.139                 22           94.442           14.3            True
      S7 Smoothed HA  1h  swing    flip 2059    31.860    0.071  0.099          1.094           120.949     -55.883                 18          377.914            7.1           False
      S7 Smoothed HA  1h   nbar       -  680    40.588    0.060  0.014          1.038           -13.215     -66.866                 10          124.809            6.0           False
S2 Donchian+LWTI+vol  5m stated       - 2302    35.274    0.036  0.056          1.039            16.304     -66.257                 16          453.509            3.6           False
     S3 Raschke 3/10  1h  swing       - 1013    34.156    0.034  0.006          1.026           -26.670     -86.958                 18          186.116            3.4           False
   S9 SMC sweep->FVG 15m stated nosweep  665    32.932    0.010 -0.011          1.005           -56.807     -72.028                 12          121.995            1.0           False
S2 Donchian+LWTI+vol  5m  swing     mid 2316    35.320    0.007  0.057          1.007           -41.415     -77.433                 13          456.267            0.7           False
     S3 Raschke 3/10  1h   nbar       -  939    33.866   -0.002  0.013          0.999           -51.156     -86.375                 13          172.520           -0.2           False
      S7 Smoothed HA  1h    atr       - 1583    40.935   -0.007  0.024          0.992           -30.214     -55.752                 12          290.694           -0.7           False
        S8 ABC + RSI  4h stated       -   58    41.379   -0.013  0.045          0.996           -19.643     -46.805                  5           10.764           -1.3           False
 S4 RSI 80/20 + VWAP 15m  swing       - 1139    44.601   -0.026  0.004          0.961           -40.961     -65.801                 15          209.160           -2.6           False
   S9 SMC sweep->FVG 15m stated   nobos 1857    30.533   -0.063 -0.086          0.933           -84.516     -95.909                 16          340.839           -6.3           False
      S7 Smoothed HA  1h  swing       -  736    39.810   -0.115 -0.005          0.925           -74.347     -85.174                  9          135.087          -11.5           False
     S3 Raschke 3/10  1h    atr       - 1860    31.989   -0.117 -0.042          0.877           -92.479     -96.192                 16          341.733          -11.7           False
   S9 SMC sweep->FVG 15m stated     mid 1414    30.127   -0.121 -0.096          0.892           -90.623     -93.788                 16          259.529          -12.1           False
 S4 RSI 80/20 + VWAP 15m    atr       - 1183    34.742   -0.177 -0.183          0.693           -88.818     -90.299                 14          217.240          -17.7           False
   S9 SMC sweep->FVG 15m stated       - 1307    28.998   -0.187 -0.130          0.854           -95.803     -96.456                 14          239.890          -18.7           False
   S9 SMC sweep->FVG 15m stated     liq 3065    49.560   -0.192 -0.172          0.701           -99.829     -99.846                  9          562.558          -19.2           False
 S4 RSI 80/20 + VWAP 15m   nbar       -  971    35.324   -0.287 -0.189          0.654           -95.018     -95.423                 15          178.310          -28.7           False

wrote playlist_study/results/summary.csv
survivors at 8.0bps round trip: 7 of 25
